// Jest Snapshot v1, https://goo.gl/fbAQLP

exports[`GeneralInfo renders general info about launches 1`] = `
<DocumentFragment>
  <p
    class="MuiTypography-root MuiTypography-body1"
  >
    Total: 3
  </p>
  <p
    class="MuiTypography-root MuiTypography-body1"
  >
    Successful: 1
  </p>
  <p
    class="MuiTypography-root MuiTypography-body1"
  >
    Failed: 1
  </p>
  <p
    class="MuiTypography-root MuiTypography-body1"
  >
    Upcoming: 1
  </p>
</DocumentFragment>
`;
