// Jest Snapshot v1, https://goo.gl/fbAQLP

exports[`App renders 1`] = `
<DocumentFragment>
  <header
    class="MuiPaper-root MuiPaper-elevation4 MuiAppBar-root MuiAppBar-positionStatic MuiAppBar-colorPrimary"
  >
    <div
      class="MuiToolbar-root MuiToolbar-regular MuiToolbar-gutters"
    >
      <svg
        aria-hidden="true"
        class="MuiSvgIcon-root TopBar-logo-2"
        focusable="false"
        role="presentation"
        viewBox="0 0 24 24"
      >
        <path
          d="M0 0h24v24H0V0z"
          fill="none"
        />
        <path
          d="M12 2C6.48 2 2 6.48 2 12s4.48 10 10 10 10-4.48 10-10S17.52 2 12 2zM8 17.5c-1.38 0-2.5-1.12-2.5-2.5s1.12-2.5 2.5-2.5 2.5 1.12 2.5 2.5-1.12 2.5-2.5 2.5zM9.5 8c0-1.38 1.12-2.5 2.5-2.5s2.5 1.12 2.5 2.5-1.12 2.5-2.5 2.5S9.5 9.38 9.5 8zm6.5 9.5c-1.38 0-2.5-1.12-2.5-2.5s1.12-2.5 2.5-2.5 2.5 1.12 2.5 2.5-1.12 2.5-2.5 2.5z"
        />
      </svg>
      <h6
        class="MuiTypography-root MuiTypography-h6 MuiTypography-colorInherit"
      >
        SpaceX Launches
      </h6>
    </div>
  </header>
  <main
    class="App-main-1"
  >
    <div
      role="group"
      style="outline: none; display: none;"
      tabindex="-1"
    />
    <div
      class="Loader-root-82"
    >
      <div
        class="MuiCircularProgress-root MuiCircularProgress-colorPrimary MuiCircularProgress-indeterminate"
        role="progressbar"
        style="width: 40px; height: 40px;"
      >
        <svg
          class="MuiCircularProgress-svg"
          viewBox="22 22 44 44"
        >
          <circle
            class="MuiCircularProgress-circle MuiCircularProgress-circleIndeterminate"
            cx="44"
            cy="44"
            fill="none"
            r="20.2"
            stroke-width="3.6"
          />
        </svg>
      </div>
    </div>
  </main>
  <div
    class="Footer-root-95"
  >
    <p
      class="MuiTypography-root MuiTypography-body1"
    >
      SpaceX Launches | 
      <a
        class="Anchor-anchor-96"
        href="https://spyros.io"
        target="_blank"
      >
        spyros.io
      </a>
    </p>
    <p
      class="MuiTypography-root MuiTypography-body1"
    >
      Made possible by the 
      <a
        class="Anchor-anchor-96"
        href="https://github.com/r-spacex/SpaceX-API"
        target="_blank"
      >
        SpaceX API
      </a>
    </p>
  </div>
</DocumentFragment>
`;
