// Jest Snapshot v1, https://goo.gl/fbAQLP

exports[`App renders 1`] = `
<Fragment>
  <React.Memo />
  <main
    className="main"
  >
    <WithStyles(CssBaseline) />
    <React.Suspense
      fallback={<WithStyles(Component) />}
    >
      <Router>
        <React.Lazy
          default={true}
        />
        <React.Lazy
          isLoadingLaunches={false}
          isUpdatingLaunches={false}
          launches={
            Array [
              Object {
                "details": "Details",
                "flightNumber": 1,
                "isFailed": false,
                "isSuccessful": true,
                "isTentative": false,
                "isUpcoming": false,
                "missionName": "Test",
                "utcDate": Object {
                  "toLocaleString": [MockFunction],
                },
              },
            ]
          }
          onChange={[Function]}
          onSortChange={[Function]}
          path="/"
          processedLaunches={
            Array [
              Object {
                "details": "Details",
                "flightNumber": 1,
                "isFailed": false,
                "isSuccessful": true,
                "isTentative": false,
                "isUpcoming": false,
                "missionName": "Test",
                "utcDate": Object {
                  "toLocaleString": [MockFunction],
                },
              },
            ]
          }
          showFailed={true}
          showSuccessful={true}
          showUpcoming={false}
          sortField="launch_date_utc"
          sortOrder="desc"
        />
      </Router>
    </React.Suspense>
  </main>
  <WithStyles(Component) />
</Fragment>
`;
