// Jest Snapshot v1, https://goo.gl/fbAQLP

exports[`ErrorBoundary when there is error renders an error message 1`] = `
<DocumentFragment>
  <p
    class="MuiTypography-root MuiTypography-body1"
  >
    Something unexpected happened! Refresh the page!
  </p>
</DocumentFragment>
`;

exports[`ErrorBoundary when there is no error renders children 1`] = `
<DocumentFragment>
  <div>
    Test
  </div>
</DocumentFragment>
`;
