// Jest Snapshot v1, https://goo.gl/fbAQLP

exports[`Footer render a footer 1`] = `
<DocumentFragment>
  <div
    class="Footer-root-1"
  >
    <p
      class="MuiTypography-root MuiTypography-body1"
    >
      SpaceX Launches | 
      <a
        class="Anchor-anchor-32"
        href="https://spyros.io"
        target="_blank"
      >
        spyros.io
      </a>
    </p>
    <p
      class="MuiTypography-root MuiTypography-body1"
    >
      Made possible by the 
      <a
        class="Anchor-anchor-32"
        href="https://github.com/r-spacex/SpaceX-API"
        target="_blank"
      >
        SpaceX API
      </a>
    </p>
  </div>
</DocumentFragment>
`;
