// Jest Snapshot v1, https://goo.gl/fbAQLP

exports[`Footer renders 1`] = `
<div
  className="root"
>
  <WithStyles(Typography)>
    SpaceX Launches |
     
    <WithStyles(Component)
      href="https://spyros.io"
      target="_blank"
    >
      spyros.io
    </WithStyles(Component)>
  </WithStyles(Typography)>
  <WithStyles(Typography)>
    Made possible by the
     
    <WithStyles(Component)
      href="https://github.com/r-spacex/SpaceX-API"
      target="_blank"
    >
      SpaceX API
    </WithStyles(Component)>
  </WithStyles(Typography)>
</div>
`;
