// Jest Snapshot v1, https://goo.gl/fbAQLP

exports[`LaunchList when there are launches renders a list of launches 1`] = `
Array [
  <WithStyles(Component)
    key="1"
    launch={
      Object {
        "details": "Details",
        "flightNumber": 1,
        "isFailed": false,
        "isSuccessful": true,
        "isTentative": false,
        "isUpcoming": false,
        "missionName": "Test",
        "utcDate": Object {
          "toLocaleString": [MockFunction],
        },
      }
    }
  />,
  <WithStyles(Component)
    key="2"
    launch={
      Object {
        "details": "Details",
        "flightNumber": 2,
        "isFailed": false,
        "isSuccessful": true,
        "isTentative": false,
        "isUpcoming": false,
        "missionName": "Test",
        "utcDate": Object {
          "toLocaleString": [MockFunction],
        },
      }
    }
  />,
]
`;

exports[`LaunchList when there are no launches renders a message 1`] = `
<WithStyles(Typography)>
  No launches...
</WithStyles(Typography)>
`;
