// Jest Snapshot v1, https://goo.gl/fbAQLP

exports[`LaunchList when there are launches renders a list of launches 1`] = `
<div
  className="launchList"
>
  <div
    className="timeline"
  />
  <div
    className="launchItem"
    key="1"
  >
    <WithStyles(Component)
      launch={
        Object {
          "details": "Details",
          "flightNumber": 1,
          "isFailed": false,
          "isSuccessful": true,
          "isTentative": false,
          "isUpcoming": false,
          "missionIds": Array [
            "id1",
          ],
          "missionName": "Test",
          "utcDate": Object {
            "getDate": [MockFunction],
            "getFullYear": [MockFunction],
            "getMonth": [MockFunction],
            "toLocaleString": [MockFunction],
          },
        }
      }
    />
  </div>
  <div
    className="launchItem"
    key="2"
  >
    <WithStyles(Component)
      launch={
        Object {
          "details": "Details",
          "flightNumber": 2,
          "isFailed": false,
          "isSuccessful": true,
          "isTentative": false,
          "isUpcoming": false,
          "missionIds": Array [
            "id1",
          ],
          "missionName": "Test",
          "utcDate": Object {
            "getDate": [MockFunction],
            "getFullYear": [MockFunction],
            "getMonth": [MockFunction],
            "toLocaleString": [MockFunction],
          },
        }
      }
    />
  </div>
</div>
`;

exports[`LaunchList when there are no launches renders a message 1`] = `
<div>
  <img
    alt="No launches..."
    src="emptyList.webp"
  />
</div>
`;
