// Jest Snapshot v1, https://goo.gl/fbAQLP

exports[`SortingOptions renders sorting options 1`] = `
<WithStyles(Grid)
  container={true}
  spacing={8}
>
  <WithStyles(Grid)
    item={true}
  >
    <TextField
      SelectProps={
        Object {
          "name": "sortField",
          "native": true,
        }
      }
      id="sort-field"
      label="Sort field"
      margin="normal"
      onChange={[Function]}
      required={false}
      select={true}
      value="flight_number"
      variant="outlined"
    >
      <option
        value="flight_number"
      >
        flight number
      </option>
      <option
        value="launch_date_utc"
      >
        utc date
      </option>
    </TextField>
  </WithStyles(Grid)>
  <WithStyles(Grid)
    item={true}
  >
    <TextField
      SelectProps={
        Object {
          "name": "sortOrder",
          "native": true,
        }
      }
      id="sort-order"
      label="Sort order"
      margin="normal"
      onChange={[Function]}
      required={false}
      select={true}
      value="desc"
      variant="outlined"
    >
      <option
        value="asc"
      >
        ascending
      </option>
      <option
        value="desc"
      >
        descending
      </option>
    </TextField>
  </WithStyles(Grid)>
</WithStyles(Grid)>
`;
