// Jest Snapshot v1, https://goo.gl/fbAQLP

exports[`TopBar renders 1`] = `
<WithStyles(AppBar)
  position="static"
>
  <WithStyles(Toolbar)>
    <ForwardRef
      to="/"
    >
      <pure(GroupWorkRoundedIcon)
        className="logo"
      />
      <WithStyles(Typography)
        color="inherit"
        variant="h6"
      >
        SpaceX Launches
      </WithStyles(Typography)>
    </ForwardRef>
  </WithStyles(Toolbar)>
</WithStyles(AppBar)>
`;
